================================================================================
Timestamp : 2026-03-20 06:46:07.859892+00:00
Bug Type  : validity
Exception: ParseException: Expected '.', found '\'  (at char 1), (line:1, col:2)

Traceback:
Traceback (most recent call last):
  File "ipv4_parser_stv.py", line 220, in <module>
  File "pyparsing\core.py", line 1340, in parse_string
pyparsing.exceptions.ParseException: Expected '.', found '\'  (at char 1), (line:1, col:2)


================================================================================
Timestamp : 2026-03-20 06:46:26.390873+00:00
Bug Type  : invalidity
Exception: ParseException: Expected '.', found ':'  (at char 1), (line:1, col:2)

Traceback:
Traceback (most recent call last):
  File "ipv4_parser_stv.py", line 220, in <module>
  File "pyparsing\core.py", line 1340, in parse_string
pyparsing.exceptions.ParseException: Expected '.', found ':'  (at char 1), (line:1, col:2)


================================================================================
Timestamp : 2026-03-20 06:46:43.264020+00:00
Bug Type  : invalidity
Exception: ParseException: Expected '.', found '\x01'  (at char 1), (line:1, col:2)

Traceback:
Traceback (most recent call last):
  File "ipv4_parser_stv.py", line 220, in <module>
  File "pyparsing\core.py", line 1340, in parse_string
pyparsing.exceptions.ParseException: Expected '.', found '\x01'  (at char 1), (line:1, col:2)


================================================================================
Timestamp : 2026-03-20 06:47:01.270867+00:00
Bug Type  : invalidity
Exception: InvalidityBug: One of the octets are empty

Traceback:
Traceback (most recent call last):
  File "ipv4_parser_stv.py", line 220, in <module>
  File "pyparsing\core.py", line 1328, in parse_string
  File "pyparsing\core.py", line 950, in _parseNoCache
  File "pyparsing\core.py", line 5155, in parseImpl
  File "pyparsing\core.py", line 950, in _parseNoCache
  File "pyparsing\core.py", line 4612, in parseImpl
  File "pyparsing\core.py", line 989, in _parseNoCache
  File "pyparsing\core.py", line 284, in wrapper
  File "buggy_ipyparse\ipv4_stv.py", line 80, in convert_octet
buggy_ipyparse.ipv4_stv.InvalidityBug: One of the octets are empty


================================================================================
Timestamp : 2026-03-20 06:47:19.660750+00:00
Bug Type  : invalidity
Exception: InvalidityBug: One of the octets are empty

Traceback:
Traceback (most recent call last):
  File "ipv4_parser_stv.py", line 220, in <module>
  File "pyparsing\core.py", line 1328, in parse_string
  File "pyparsing\core.py", line 950, in _parseNoCache
  File "pyparsing\core.py", line 5155, in parseImpl
  File "pyparsing\core.py", line 950, in _parseNoCache
  File "pyparsing\core.py", line 4612, in parseImpl
  File "pyparsing\core.py", line 989, in _parseNoCache
  File "pyparsing\core.py", line 284, in wrapper
  File "buggy_ipyparse\ipv4_stv.py", line 80, in convert_octet
buggy_ipyparse.ipv4_stv.InvalidityBug: One of the octets are empty


================================================================================
Timestamp : 2026-03-20 06:47:37.340469+00:00
Bug Type  : invalidity
Exception: ParseException: Expected '.', found 'H'  (at char 1), (line:1, col:2)

Traceback:
Traceback (most recent call last):
  File "ipv4_parser_stv.py", line 220, in <module>
  File "pyparsing\core.py", line 1340, in parse_string
pyparsing.exceptions.ParseException: Expected '.', found 'H'  (at char 1), (line:1, col:2)


================================================================================
Timestamp : 2026-03-20 06:47:54.564535+00:00
Bug Type  : invalidity
Exception: InvalidityBug: One of the octets are empty

Traceback:
Traceback (most recent call last):
  File "ipv4_parser_stv.py", line 220, in <module>
  File "pyparsing\core.py", line 1328, in parse_string
  File "pyparsing\core.py", line 950, in _parseNoCache
  File "pyparsing\core.py", line 5155, in parseImpl
  File "pyparsing\core.py", line 950, in _parseNoCache
  File "pyparsing\core.py", line 4612, in parseImpl
  File "pyparsing\core.py", line 989, in _parseNoCache
  File "pyparsing\core.py", line 284, in wrapper
  File "buggy_ipyparse\ipv4_stv.py", line 80, in convert_octet
buggy_ipyparse.ipv4_stv.InvalidityBug: One of the octets are empty


================================================================================
Timestamp : 2026-03-20 06:48:12.367212+00:00
Bug Type  : invalidity
Exception: ParseException: Expected '.', found '\'  (at char 2), (line:1, col:3)

Traceback:
Traceback (most recent call last):
  File "ipv4_parser_stv.py", line 220, in <module>
  File "pyparsing\core.py", line 1340, in parse_string
pyparsing.exceptions.ParseException: Expected '.', found '\'  (at char 2), (line:1, col:3)


================================================================================
Timestamp : 2026-03-20 06:48:29.019959+00:00
Bug Type  : invalidity
Exception: ParseException: Expected '.', found '\'  (at char 1), (line:1, col:2)

Traceback:
Traceback (most recent call last):
  File "ipv4_parser_stv.py", line 220, in <module>
  File "pyparsing\core.py", line 1340, in parse_string
pyparsing.exceptions.ParseException: Expected '.', found '\'  (at char 1), (line:1, col:2)


================================================================================
Timestamp : 2026-03-20 06:48:46.446261+00:00
Bug Type  : invalidity
Exception: ParseException: Expected '.', found '\'  (at char 2), (line:1, col:3)

Traceback:
Traceback (most recent call last):
  File "ipv4_parser_stv.py", line 220, in <module>
  File "pyparsing\core.py", line 1340, in parse_string
pyparsing.exceptions.ParseException: Expected '.', found '\'  (at char 2), (line:1, col:3)


================================================================================
Timestamp : 2026-03-20 06:49:04.282541+00:00
Bug Type  : invalidity
Exception: InvalidityBug: One of the octets are empty

Traceback:
Traceback (most recent call last):
  File "ipv4_parser_stv.py", line 220, in <module>
  File "pyparsing\core.py", line 1328, in parse_string
  File "pyparsing\core.py", line 950, in _parseNoCache
  File "pyparsing\core.py", line 5155, in parseImpl
  File "pyparsing\core.py", line 950, in _parseNoCache
  File "pyparsing\core.py", line 4612, in parseImpl
  File "pyparsing\core.py", line 989, in _parseNoCache
  File "pyparsing\core.py", line 284, in wrapper
  File "buggy_ipyparse\ipv4_stv.py", line 80, in convert_octet
buggy_ipyparse.ipv4_stv.InvalidityBug: One of the octets are empty


================================================================================
Timestamp : 2026-03-20 06:49:21.283501+00:00
Bug Type  : invalidity
Exception: ParseException: Expected '.', found '&'  (at char 1), (line:1, col:2)

Traceback:
Traceback (most recent call last):
  File "ipv4_parser_stv.py", line 220, in <module>
  File "pyparsing\core.py", line 1340, in parse_string
pyparsing.exceptions.ParseException: Expected '.', found '&'  (at char 1), (line:1, col:2)


================================================================================
Timestamp : 2026-03-20 06:49:38.253393+00:00
Bug Type  : invalidity
Exception: ParseException: Expected '.', found ':'  (at char 1), (line:1, col:2)

Traceback:
Traceback (most recent call last):
  File "ipv4_parser_stv.py", line 220, in <module>
  File "pyparsing\core.py", line 1340, in parse_string
pyparsing.exceptions.ParseException: Expected '.', found ':'  (at char 1), (line:1, col:2)


================================================================================
Timestamp : 2026-03-20 06:49:55.860609+00:00
Bug Type  : invalidity
Exception: ParseException: Expected '.', found '\x01'  (at char 2), (line:1, col:3)

Traceback:
Traceback (most recent call last):
  File "ipv4_parser_stv.py", line 220, in <module>
  File "pyparsing\core.py", line 1340, in parse_string
pyparsing.exceptions.ParseException: Expected '.', found '\x01'  (at char 2), (line:1, col:3)


================================================================================
Timestamp : 2026-03-20 06:50:13.297034+00:00
Bug Type  : invalidity
Exception: InvalidityBug: One of the octets are empty

Traceback:
Traceback (most recent call last):
  File "ipv4_parser_stv.py", line 220, in <module>
  File "pyparsing\core.py", line 1328, in parse_string
  File "pyparsing\core.py", line 950, in _parseNoCache
  File "pyparsing\core.py", line 5155, in parseImpl
  File "pyparsing\core.py", line 950, in _parseNoCache
  File "pyparsing\core.py", line 4612, in parseImpl
  File "pyparsing\core.py", line 989, in _parseNoCache
  File "pyparsing\core.py", line 284, in wrapper
  File "buggy_ipyparse\ipv4_stv.py", line 80, in convert_octet
buggy_ipyparse.ipv4_stv.InvalidityBug: One of the octets are empty


================================================================================
Timestamp : 2026-03-20 06:50:34.747307+00:00
Bug Type  : invalidity
Exception: ParseException: Expected '.', found 'O'  (at char 2), (line:1, col:3)

Traceback:
Traceback (most recent call last):
  File "ipv4_parser_stv.py", line 220, in <module>
  File "pyparsing\core.py", line 1340, in parse_string
pyparsing.exceptions.ParseException: Expected '.', found 'O'  (at char 2), (line:1, col:3)


================================================================================
Timestamp : 2026-03-20 06:50:51.486073+00:00
Bug Type  : invalidity
Exception: InvalidityBug: One of the octets are empty

Traceback:
Traceback (most recent call last):
  File "ipv4_parser_stv.py", line 220, in <module>
  File "pyparsing\core.py", line 1328, in parse_string
  File "pyparsing\core.py", line 950, in _parseNoCache
  File "pyparsing\core.py", line 5155, in parseImpl
  File "pyparsing\core.py", line 950, in _parseNoCache
  File "pyparsing\core.py", line 4612, in parseImpl
  File "pyparsing\core.py", line 989, in _parseNoCache
  File "pyparsing\core.py", line 284, in wrapper
  File "buggy_ipyparse\ipv4_stv.py", line 80, in convert_octet
buggy_ipyparse.ipv4_stv.InvalidityBug: One of the octets are empty


================================================================================
Timestamp : 2026-03-20 06:51:07.354807+00:00
Bug Type  : validity
Exception: ParseException: Expected '.', found '\'  (at char 1), (line:1, col:2)

Traceback:
Traceback (most recent call last):
  File "ipv4_parser_stv.py", line 220, in <module>
  File "pyparsing\core.py", line 1340, in parse_string
pyparsing.exceptions.ParseException: Expected '.', found '\'  (at char 1), (line:1, col:2)


================================================================================
Timestamp : 2026-03-20 06:51:24.131313+00:00
Bug Type  : invalidity
Exception: ParseException: Expected '.', found '&'  (at char 1), (line:1, col:2)

Traceback:
Traceback (most recent call last):
  File "ipv4_parser_stv.py", line 220, in <module>
  File "pyparsing\core.py", line 1340, in parse_string
pyparsing.exceptions.ParseException: Expected '.', found '&'  (at char 1), (line:1, col:2)


================================================================================
Timestamp : 2026-03-20 06:51:42.824214+00:00
Bug Type  : invalidity
Exception: InvalidityBug: One of the octets are empty

Traceback:
Traceback (most recent call last):
  File "ipv4_parser_stv.py", line 220, in <module>
  File "pyparsing\core.py", line 1328, in parse_string
  File "pyparsing\core.py", line 950, in _parseNoCache
  File "pyparsing\core.py", line 5155, in parseImpl
  File "pyparsing\core.py", line 950, in _parseNoCache
  File "pyparsing\core.py", line 4612, in parseImpl
  File "pyparsing\core.py", line 989, in _parseNoCache
  File "pyparsing\core.py", line 284, in wrapper
  File "buggy_ipyparse\ipv4_stv.py", line 80, in convert_octet
buggy_ipyparse.ipv4_stv.InvalidityBug: One of the octets are empty


================================================================================
Timestamp : 2026-03-20 06:52:01.236666+00:00
Bug Type  : invalidity
Exception: InvalidityBug: One of the octets are empty

Traceback:
Traceback (most recent call last):
  File "ipv4_parser_stv.py", line 220, in <module>
  File "pyparsing\core.py", line 1328, in parse_string
  File "pyparsing\core.py", line 950, in _parseNoCache
  File "pyparsing\core.py", line 5155, in parseImpl
  File "pyparsing\core.py", line 950, in _parseNoCache
  File "pyparsing\core.py", line 4612, in parseImpl
  File "pyparsing\core.py", line 989, in _parseNoCache
  File "pyparsing\core.py", line 284, in wrapper
  File "buggy_ipyparse\ipv4_stv.py", line 80, in convert_octet
buggy_ipyparse.ipv4_stv.InvalidityBug: One of the octets are empty


================================================================================
Timestamp : 2026-03-20 06:52:20.430740+00:00
Bug Type  : invalidity
Exception: ParseException: Expected '.', found '\x0e'  (at char 1), (line:1, col:2)

Traceback:
Traceback (most recent call last):
  File "ipv4_parser_stv.py", line 220, in <module>
  File "pyparsing\core.py", line 1340, in parse_string
pyparsing.exceptions.ParseException: Expected '.', found '\x0e'  (at char 1), (line:1, col:2)


================================================================================
Timestamp : 2026-03-20 06:52:38.551207+00:00
Bug Type  : invalidity
Exception: ParseException: Expected '.', found '\'  (at char 1), (line:1, col:2)

Traceback:
Traceback (most recent call last):
  File "ipv4_parser_stv.py", line 220, in <module>
  File "pyparsing\core.py", line 1340, in parse_string
pyparsing.exceptions.ParseException: Expected '.', found '\'  (at char 1), (line:1, col:2)


================================================================================
Timestamp : 2026-03-20 06:52:56.873963+00:00
Bug Type  : invalidity
Exception: InvalidityBug: One of the octets are empty

Traceback:
Traceback (most recent call last):
  File "ipv4_parser_stv.py", line 220, in <module>
  File "pyparsing\core.py", line 1328, in parse_string
  File "pyparsing\core.py", line 950, in _parseNoCache
  File "pyparsing\core.py", line 5155, in parseImpl
  File "pyparsing\core.py", line 950, in _parseNoCache
  File "pyparsing\core.py", line 4612, in parseImpl
  File "pyparsing\core.py", line 989, in _parseNoCache
  File "pyparsing\core.py", line 284, in wrapper
  File "buggy_ipyparse\ipv4_stv.py", line 80, in convert_octet
buggy_ipyparse.ipv4_stv.InvalidityBug: One of the octets are empty


================================================================================
Timestamp : 2026-03-20 06:53:14.741700+00:00
Bug Type  : invalidity
Exception: ParseException: Expected '.', found '\x1c'  (at char 2), (line:1, col:3)

Traceback:
Traceback (most recent call last):
  File "ipv4_parser_stv.py", line 220, in <module>
  File "pyparsing\core.py", line 1340, in parse_string
pyparsing.exceptions.ParseException: Expected '.', found '\x1c'  (at char 2), (line:1, col:3)


================================================================================
Timestamp : 2026-03-20 06:53:33.212025+00:00
Bug Type  : invalidity
Exception: ParseException: Expected '.', found '1'  (at char 3), (line:1, col:4)

Traceback:
Traceback (most recent call last):
  File "ipv4_parser_stv.py", line 220, in <module>
  File "pyparsing\core.py", line 1340, in parse_string
pyparsing.exceptions.ParseException: Expected '.', found '1'  (at char 3), (line:1, col:4)


================================================================================
Timestamp : 2026-03-20 06:53:50.063622+00:00
Bug Type  : invalidity
Exception: InvalidityBug: One of the octets are empty

Traceback:
Traceback (most recent call last):
  File "ipv4_parser_stv.py", line 220, in <module>
  File "pyparsing\core.py", line 1328, in parse_string
  File "pyparsing\core.py", line 950, in _parseNoCache
  File "pyparsing\core.py", line 5155, in parseImpl
  File "pyparsing\core.py", line 950, in _parseNoCache
  File "pyparsing\core.py", line 4612, in parseImpl
  File "pyparsing\core.py", line 989, in _parseNoCache
  File "pyparsing\core.py", line 284, in wrapper
  File "buggy_ipyparse\ipv4_stv.py", line 80, in convert_octet
buggy_ipyparse.ipv4_stv.InvalidityBug: One of the octets are empty


================================================================================
Timestamp : 2026-03-20 06:54:07.722499+00:00
Bug Type  : invalidity
Exception: ParseException: Expected '.', found '\x14'  (at char 3), (line:1, col:4)

Traceback:
Traceback (most recent call last):
  File "ipv4_parser_stv.py", line 220, in <module>
  File "pyparsing\core.py", line 1340, in parse_string
pyparsing.exceptions.ParseException: Expected '.', found '\x14'  (at char 3), (line:1, col:4)


================================================================================
Timestamp : 2026-03-20 06:54:25.303899+00:00
Bug Type  : invalidity
Exception: ParseException: Expected '.', found 'u'  (at char 1), (line:1, col:2)

Traceback:
Traceback (most recent call last):
  File "ipv4_parser_stv.py", line 220, in <module>
  File "pyparsing\core.py", line 1340, in parse_string
pyparsing.exceptions.ParseException: Expected '.', found 'u'  (at char 1), (line:1, col:2)


================================================================================
Timestamp : 2026-03-20 06:54:43.433488+00:00
Bug Type  : validity
Exception: ParseException: Expected '.', found '5'  (at char 2), (line:1, col:3)

Traceback:
Traceback (most recent call last):
  File "ipv4_parser_stv.py", line 220, in <module>
  File "pyparsing\core.py", line 1340, in parse_string
pyparsing.exceptions.ParseException: Expected '.', found '5'  (at char 2), (line:1, col:3)


================================================================================
Timestamp : 2026-03-20 06:55:00.408298+00:00
Bug Type  : invalidity
Exception: InvalidityBug: One of the octets are empty

Traceback:
Traceback (most recent call last):
  File "ipv4_parser_stv.py", line 220, in <module>
  File "pyparsing\core.py", line 1328, in parse_string
  File "pyparsing\core.py", line 950, in _parseNoCache
  File "pyparsing\core.py", line 5155, in parseImpl
  File "pyparsing\core.py", line 950, in _parseNoCache
  File "pyparsing\core.py", line 4612, in parseImpl
  File "pyparsing\core.py", line 989, in _parseNoCache
  File "pyparsing\core.py", line 284, in wrapper
  File "buggy_ipyparse\ipv4_stv.py", line 80, in convert_octet
buggy_ipyparse.ipv4_stv.InvalidityBug: One of the octets are empty


================================================================================
Timestamp : 2026-03-20 06:55:15.077845+00:00
Bug Type  : validity
Exception: ParseException: Expected '.', found '['  (at char 2), (line:1, col:3)

Traceback:
Traceback (most recent call last):
  File "ipv4_parser_stv.py", line 220, in <module>
  File "pyparsing\core.py", line 1340, in parse_string
pyparsing.exceptions.ParseException: Expected '.', found '['  (at char 2), (line:1, col:3)


================================================================================
Timestamp : 2026-03-20 06:55:29.643259+00:00
Bug Type  : invalidity
Exception: InvalidityBug: One of the octets are empty

Traceback:
Traceback (most recent call last):
  File "ipv4_parser_stv.py", line 220, in <module>
  File "pyparsing\core.py", line 1328, in parse_string
  File "pyparsing\core.py", line 950, in _parseNoCache
  File "pyparsing\core.py", line 5155, in parseImpl
  File "pyparsing\core.py", line 950, in _parseNoCache
  File "pyparsing\core.py", line 4612, in parseImpl
  File "pyparsing\core.py", line 989, in _parseNoCache
  File "pyparsing\core.py", line 284, in wrapper
  File "buggy_ipyparse\ipv4_stv.py", line 80, in convert_octet
buggy_ipyparse.ipv4_stv.InvalidityBug: One of the octets are empty


================================================================================
Timestamp : 2026-03-20 06:55:44.431283+00:00
Bug Type  : invalidity
Exception: ParseException: Expected '.', found '\'  (at char 1), (line:1, col:2)

Traceback:
Traceback (most recent call last):
  File "ipv4_parser_stv.py", line 220, in <module>
  File "pyparsing\core.py", line 1340, in parse_string
pyparsing.exceptions.ParseException: Expected '.', found '\'  (at char 1), (line:1, col:2)


================================================================================
Timestamp : 2026-03-20 06:55:58.782667+00:00
Bug Type  : invalidity
Exception: ParseException: Expected '.', found ':'  (at char 1), (line:1, col:2)

Traceback:
Traceback (most recent call last):
  File "ipv4_parser_stv.py", line 220, in <module>
  File "pyparsing\core.py", line 1340, in parse_string
pyparsing.exceptions.ParseException: Expected '.', found ':'  (at char 1), (line:1, col:2)


================================================================================
Timestamp : 2026-03-20 06:56:13.746470+00:00
Bug Type  : invalidity
Exception: ParseException: Expected '.', found '-'  (at char 1), (line:1, col:2)

Traceback:
Traceback (most recent call last):
  File "ipv4_parser_stv.py", line 220, in <module>
  File "pyparsing\core.py", line 1340, in parse_string
pyparsing.exceptions.ParseException: Expected '.', found '-'  (at char 1), (line:1, col:2)


================================================================================
Timestamp : 2026-03-20 06:56:30.004677+00:00
Bug Type  : invalidity
Exception: InvalidityBug: One of the octets are empty

Traceback:
Traceback (most recent call last):
  File "ipv4_parser_stv.py", line 220, in <module>
  File "pyparsing\core.py", line 1328, in parse_string
  File "pyparsing\core.py", line 950, in _parseNoCache
  File "pyparsing\core.py", line 5155, in parseImpl
  File "pyparsing\core.py", line 950, in _parseNoCache
  File "pyparsing\core.py", line 4612, in parseImpl
  File "pyparsing\core.py", line 989, in _parseNoCache
  File "pyparsing\core.py", line 284, in wrapper
  File "buggy_ipyparse\ipv4_stv.py", line 80, in convert_octet
buggy_ipyparse.ipv4_stv.InvalidityBug: One of the octets are empty


================================================================================
Timestamp : 2026-03-20 06:56:45.793433+00:00
Bug Type  : invalidity
Exception: ParseException: Expected '.', found '\'  (at char 1), (line:1, col:2)

Traceback:
Traceback (most recent call last):
  File "ipv4_parser_stv.py", line 220, in <module>
  File "pyparsing\core.py", line 1340, in parse_string
pyparsing.exceptions.ParseException: Expected '.', found '\'  (at char 1), (line:1, col:2)


================================================================================
Timestamp : 2026-03-20 06:57:00.645779+00:00
Bug Type  : invalidity
Exception: ParseException: Expected '.', found '\x0b'  (at char 1), (line:1, col:2)

Traceback:
Traceback (most recent call last):
  File "ipv4_parser_stv.py", line 220, in <module>
  File "pyparsing\core.py", line 1340, in parse_string
pyparsing.exceptions.ParseException: Expected '.', found '\x0b'  (at char 1), (line:1, col:2)


================================================================================
Timestamp : 2026-03-20 06:57:15.101696+00:00
Bug Type  : invalidity
Exception: InvalidityBug: One of the octets are empty

Traceback:
Traceback (most recent call last):
  File "ipv4_parser_stv.py", line 220, in <module>
  File "pyparsing\core.py", line 1328, in parse_string
  File "pyparsing\core.py", line 950, in _parseNoCache
  File "pyparsing\core.py", line 5155, in parseImpl
  File "pyparsing\core.py", line 950, in _parseNoCache
  File "pyparsing\core.py", line 4612, in parseImpl
  File "pyparsing\core.py", line 989, in _parseNoCache
  File "pyparsing\core.py", line 284, in wrapper
  File "buggy_ipyparse\ipv4_stv.py", line 80, in convert_octet
buggy_ipyparse.ipv4_stv.InvalidityBug: One of the octets are empty


================================================================================
Timestamp : 2026-03-20 06:57:29.836828+00:00
Bug Type  : invalidity
Exception: InvalidityBug: One of the octets are empty

Traceback:
Traceback (most recent call last):
  File "ipv4_parser_stv.py", line 220, in <module>
  File "pyparsing\core.py", line 1328, in parse_string
  File "pyparsing\core.py", line 950, in _parseNoCache
  File "pyparsing\core.py", line 5155, in parseImpl
  File "pyparsing\core.py", line 950, in _parseNoCache
  File "pyparsing\core.py", line 4612, in parseImpl
  File "pyparsing\core.py", line 989, in _parseNoCache
  File "pyparsing\core.py", line 284, in wrapper
  File "buggy_ipyparse\ipv4_stv.py", line 80, in convert_octet
buggy_ipyparse.ipv4_stv.InvalidityBug: One of the octets are empty


================================================================================
Timestamp : 2026-03-20 06:57:44.166176+00:00
Bug Type  : invalidity
Exception: InvalidityBug: One of the octets are empty

Traceback:
Traceback (most recent call last):
  File "ipv4_parser_stv.py", line 220, in <module>
  File "pyparsing\core.py", line 1328, in parse_string
  File "pyparsing\core.py", line 950, in _parseNoCache
  File "pyparsing\core.py", line 5155, in parseImpl
  File "pyparsing\core.py", line 950, in _parseNoCache
  File "pyparsing\core.py", line 4612, in parseImpl
  File "pyparsing\core.py", line 989, in _parseNoCache
  File "pyparsing\core.py", line 284, in wrapper
  File "buggy_ipyparse\ipv4_stv.py", line 80, in convert_octet
buggy_ipyparse.ipv4_stv.InvalidityBug: One of the octets are empty


================================================================================
Timestamp : 2026-03-20 06:57:58.237258+00:00
Bug Type  : invalidity
Exception: ParseException: Expected '.', found '*'  (at char 5), (line:1, col:6)

Traceback:
Traceback (most recent call last):
  File "ipv4_parser_stv.py", line 220, in <module>
  File "pyparsing\core.py", line 1340, in parse_string
pyparsing.exceptions.ParseException: Expected '.', found '*'  (at char 5), (line:1, col:6)


================================================================================
Timestamp : 2026-03-20 06:58:12.478278+00:00
Bug Type  : invalidity
Exception: InvalidityBug: One of the octets are empty

Traceback:
Traceback (most recent call last):
  File "ipv4_parser_stv.py", line 220, in <module>
  File "pyparsing\core.py", line 1328, in parse_string
  File "pyparsing\core.py", line 950, in _parseNoCache
  File "pyparsing\core.py", line 5155, in parseImpl
  File "pyparsing\core.py", line 950, in _parseNoCache
  File "pyparsing\core.py", line 4612, in parseImpl
  File "pyparsing\core.py", line 989, in _parseNoCache
  File "pyparsing\core.py", line 284, in wrapper
  File "buggy_ipyparse\ipv4_stv.py", line 80, in convert_octet
buggy_ipyparse.ipv4_stv.InvalidityBug: One of the octets are empty


================================================================================
Timestamp : 2026-03-20 06:58:28.196789+00:00
Bug Type  : invalidity
Exception: ParseException: Expected '.', found '\'  (at char 1), (line:1, col:2)

Traceback:
Traceback (most recent call last):
  File "ipv4_parser_stv.py", line 220, in <module>
  File "pyparsing\core.py", line 1340, in parse_string
pyparsing.exceptions.ParseException: Expected '.', found '\'  (at char 1), (line:1, col:2)


================================================================================
Timestamp : 2026-03-20 06:58:43.249559+00:00
Bug Type  : invalidity
Exception: InvalidityBug: One of the octets are empty

Traceback:
Traceback (most recent call last):
  File "ipv4_parser_stv.py", line 220, in <module>
  File "pyparsing\core.py", line 1328, in parse_string
  File "pyparsing\core.py", line 950, in _parseNoCache
  File "pyparsing\core.py", line 5155, in parseImpl
  File "pyparsing\core.py", line 950, in _parseNoCache
  File "pyparsing\core.py", line 4612, in parseImpl
  File "pyparsing\core.py", line 989, in _parseNoCache
  File "pyparsing\core.py", line 284, in wrapper
  File "buggy_ipyparse\ipv4_stv.py", line 80, in convert_octet
buggy_ipyparse.ipv4_stv.InvalidityBug: One of the octets are empty


================================================================================
Timestamp : 2026-03-20 06:58:58.095330+00:00
Bug Type  : invalidity
Exception: ParseException: Expected '.', found '='  (at char 1), (line:1, col:2)

Traceback:
Traceback (most recent call last):
  File "ipv4_parser_stv.py", line 220, in <module>
  File "pyparsing\core.py", line 1340, in parse_string
pyparsing.exceptions.ParseException: Expected '.', found '='  (at char 1), (line:1, col:2)


================================================================================
Timestamp : 2026-03-20 06:59:13.152148+00:00
Bug Type  : invalidity
Exception: ParseException: Expected '.', found '^'  (at char 1), (line:1, col:2)

Traceback:
Traceback (most recent call last):
  File "ipv4_parser_stv.py", line 220, in <module>
  File "pyparsing\core.py", line 1340, in parse_string
pyparsing.exceptions.ParseException: Expected '.', found '^'  (at char 1), (line:1, col:2)


================================================================================
Timestamp : 2026-03-20 06:59:28.970056+00:00
Bug Type  : invalidity
Exception: InvalidityBug: One of the octets are empty

Traceback:
Traceback (most recent call last):
  File "ipv4_parser_stv.py", line 220, in <module>
  File "pyparsing\core.py", line 1328, in parse_string
  File "pyparsing\core.py", line 950, in _parseNoCache
  File "pyparsing\core.py", line 5155, in parseImpl
  File "pyparsing\core.py", line 950, in _parseNoCache
  File "pyparsing\core.py", line 4612, in parseImpl
  File "pyparsing\core.py", line 989, in _parseNoCache
  File "pyparsing\core.py", line 284, in wrapper
  File "buggy_ipyparse\ipv4_stv.py", line 80, in convert_octet
buggy_ipyparse.ipv4_stv.InvalidityBug: One of the octets are empty


================================================================================
Timestamp : 2026-03-20 06:59:43.768175+00:00
Bug Type  : invalidity
Exception: InvalidityBug: One of the octets are empty

Traceback:
Traceback (most recent call last):
  File "ipv4_parser_stv.py", line 220, in <module>
  File "pyparsing\core.py", line 1328, in parse_string
  File "pyparsing\core.py", line 950, in _parseNoCache
  File "pyparsing\core.py", line 5155, in parseImpl
  File "pyparsing\core.py", line 950, in _parseNoCache
  File "pyparsing\core.py", line 4612, in parseImpl
  File "pyparsing\core.py", line 989, in _parseNoCache
  File "pyparsing\core.py", line 284, in wrapper
  File "buggy_ipyparse\ipv4_stv.py", line 80, in convert_octet
buggy_ipyparse.ipv4_stv.InvalidityBug: One of the octets are empty


================================================================================
Timestamp : 2026-03-20 06:59:59.194043+00:00
Bug Type  : invalidity
Exception: InvalidityBug: One of the octets are empty

Traceback:
Traceback (most recent call last):
  File "ipv4_parser_stv.py", line 220, in <module>
  File "pyparsing\core.py", line 1328, in parse_string
  File "pyparsing\core.py", line 950, in _parseNoCache
  File "pyparsing\core.py", line 5155, in parseImpl
  File "pyparsing\core.py", line 950, in _parseNoCache
  File "pyparsing\core.py", line 4612, in parseImpl
  File "pyparsing\core.py", line 989, in _parseNoCache
  File "pyparsing\core.py", line 284, in wrapper
  File "buggy_ipyparse\ipv4_stv.py", line 80, in convert_octet
buggy_ipyparse.ipv4_stv.InvalidityBug: One of the octets are empty


================================================================================
Timestamp : 2026-03-20 07:00:16.103542+00:00
Bug Type  : invalidity
Exception: ParseException: Expected '.', found '\'  (at char 1), (line:1, col:2)

Traceback:
Traceback (most recent call last):
  File "ipv4_parser_stv.py", line 220, in <module>
  File "pyparsing\core.py", line 1340, in parse_string
pyparsing.exceptions.ParseException: Expected '.', found '\'  (at char 1), (line:1, col:2)


================================================================================
Timestamp : 2026-03-20 07:00:33.096431+00:00
Bug Type  : invalidity
Exception: ParseException: Expected '.', found '\'  (at char 1), (line:1, col:2)

Traceback:
Traceback (most recent call last):
  File "ipv4_parser_stv.py", line 220, in <module>
  File "pyparsing\core.py", line 1340, in parse_string
pyparsing.exceptions.ParseException: Expected '.', found '\'  (at char 1), (line:1, col:2)


================================================================================
Timestamp : 2026-03-20 07:00:48.931534+00:00
Bug Type  : invalidity
Exception: InvalidityBug: One of the octets are empty

Traceback:
Traceback (most recent call last):
  File "ipv4_parser_stv.py", line 220, in <module>
  File "pyparsing\core.py", line 1328, in parse_string
  File "pyparsing\core.py", line 950, in _parseNoCache
  File "pyparsing\core.py", line 5155, in parseImpl
  File "pyparsing\core.py", line 950, in _parseNoCache
  File "pyparsing\core.py", line 4612, in parseImpl
  File "pyparsing\core.py", line 989, in _parseNoCache
  File "pyparsing\core.py", line 284, in wrapper
  File "buggy_ipyparse\ipv4_stv.py", line 80, in convert_octet
buggy_ipyparse.ipv4_stv.InvalidityBug: One of the octets are empty


================================================================================
Timestamp : 2026-03-20 07:01:06.234172+00:00
Bug Type  : invalidity
Exception: ParseException: Expected '.', found '3'  (at char 2), (line:1, col:3)

Traceback:
Traceback (most recent call last):
  File "ipv4_parser_stv.py", line 220, in <module>
  File "pyparsing\core.py", line 1340, in parse_string
pyparsing.exceptions.ParseException: Expected '.', found '3'  (at char 2), (line:1, col:3)


================================================================================
Timestamp : 2026-03-20 07:01:22.746959+00:00
Bug Type  : invalidity
Exception: ParseException: Expected '.', found '"'  (at char 1), (line:1, col:2)

Traceback:
Traceback (most recent call last):
  File "ipv4_parser_stv.py", line 220, in <module>
  File "pyparsing\core.py", line 1340, in parse_string
pyparsing.exceptions.ParseException: Expected '.', found '"'  (at char 1), (line:1, col:2)


================================================================================
Timestamp : 2026-03-20 07:01:40.082797+00:00
Bug Type  : invalidity
Exception: ParseException: Expected '.', found 'p0'  (at char 1), (line:1, col:2)

Traceback:
Traceback (most recent call last):
  File "ipv4_parser_stv.py", line 220, in <module>
  File "pyparsing\core.py", line 1340, in parse_string
pyparsing.exceptions.ParseException: Expected '.', found 'p0'  (at char 1), (line:1, col:2)


================================================================================
Timestamp : 2026-03-20 07:01:56.067391+00:00
Bug Type  : invalidity
Exception: ParseException: Expected '.', found '3'  (at char 5), (line:1, col:6)

Traceback:
Traceback (most recent call last):
  File "ipv4_parser_stv.py", line 220, in <module>
  File "pyparsing\core.py", line 1340, in parse_string
pyparsing.exceptions.ParseException: Expected '.', found '3'  (at char 5), (line:1, col:6)


================================================================================
Timestamp : 2026-03-20 07:02:11.107463+00:00
Bug Type  : invalidity
Exception: InvalidityBug: One of the octets are empty

Traceback:
Traceback (most recent call last):
  File "ipv4_parser_stv.py", line 220, in <module>
  File "pyparsing\core.py", line 1328, in parse_string
  File "pyparsing\core.py", line 950, in _parseNoCache
  File "pyparsing\core.py", line 5155, in parseImpl
  File "pyparsing\core.py", line 950, in _parseNoCache
  File "pyparsing\core.py", line 4612, in parseImpl
  File "pyparsing\core.py", line 989, in _parseNoCache
  File "pyparsing\core.py", line 284, in wrapper
  File "buggy_ipyparse\ipv4_stv.py", line 80, in convert_octet
buggy_ipyparse.ipv4_stv.InvalidityBug: One of the octets are empty


================================================================================
Timestamp : 2026-03-20 07:25:02.401489+00:00
Bug Type  : invalidity
Exception: ParseException: Expected '.', found 'x'  (at char 1), (line:1, col:2)

Traceback:
Traceback (most recent call last):
  File "ipv4_parser_stv.py", line 220, in <module>
  File "pyparsing\core.py", line 1340, in parse_string
pyparsing.exceptions.ParseException: Expected '.', found 'x'  (at char 1), (line:1, col:2)


================================================================================
Timestamp : 2026-03-20 07:25:18.112272+00:00
Bug Type  : invalidity
Exception: InvalidityBug: One of the octets are empty

Traceback:
Traceback (most recent call last):
  File "ipv4_parser_stv.py", line 220, in <module>
  File "pyparsing\core.py", line 1328, in parse_string
  File "pyparsing\core.py", line 950, in _parseNoCache
  File "pyparsing\core.py", line 5155, in parseImpl
  File "pyparsing\core.py", line 950, in _parseNoCache
  File "pyparsing\core.py", line 4612, in parseImpl
  File "pyparsing\core.py", line 989, in _parseNoCache
  File "pyparsing\core.py", line 284, in wrapper
  File "buggy_ipyparse\ipv4_stv.py", line 80, in convert_octet
buggy_ipyparse.ipv4_stv.InvalidityBug: One of the octets are empty


================================================================================
Timestamp : 2026-03-20 07:25:34.938589+00:00
Bug Type  : invalidity
Exception: ParseException: Expected '.', found '\x01'  (at char 1), (line:1, col:2)

Traceback:
Traceback (most recent call last):
  File "ipv4_parser_stv.py", line 220, in <module>
  File "pyparsing\core.py", line 1340, in parse_string
pyparsing.exceptions.ParseException: Expected '.', found '\x01'  (at char 1), (line:1, col:2)


================================================================================
Timestamp : 2026-03-20 07:25:50.619452+00:00
Bug Type  : invalidity
Exception: ParseException: Expected '.', found '\'  (at char 1), (line:1, col:2)

Traceback:
Traceback (most recent call last):
  File "ipv4_parser_stv.py", line 220, in <module>
  File "pyparsing\core.py", line 1340, in parse_string
pyparsing.exceptions.ParseException: Expected '.', found '\'  (at char 1), (line:1, col:2)


================================================================================
Timestamp : 2026-03-20 08:06:24.216269+00:00
Bug Type  : invalidity
Exception: ParseException: Expected '.', found '\'  (at char 1), (line:1, col:2)

Traceback:
Traceback (most recent call last):
  File "ipv4_parser_stv.py", line 220, in <module>
  File "pyparsing\core.py", line 1340, in parse_string
pyparsing.exceptions.ParseException: Expected '.', found '\'  (at char 1), (line:1, col:2)


================================================================================
Timestamp : 2026-03-20 08:06:45.408899+00:00
Bug Type  : invalidity
Exception: InvalidityBug: One of the octets are empty

Traceback:
Traceback (most recent call last):
  File "ipv4_parser_stv.py", line 220, in <module>
  File "pyparsing\core.py", line 1328, in parse_string
  File "pyparsing\core.py", line 950, in _parseNoCache
  File "pyparsing\core.py", line 5155, in parseImpl
  File "pyparsing\core.py", line 950, in _parseNoCache
  File "pyparsing\core.py", line 4612, in parseImpl
  File "pyparsing\core.py", line 989, in _parseNoCache
  File "pyparsing\core.py", line 284, in wrapper
  File "buggy_ipyparse\ipv4_stv.py", line 80, in convert_octet
buggy_ipyparse.ipv4_stv.InvalidityBug: One of the octets are empty


================================================================================
Timestamp : 2026-03-20 08:07:03.072113+00:00
Bug Type  : validity
Exception: ParseException: Expected '.', found '\x01'  (at char 1), (line:1, col:2)

Traceback:
Traceback (most recent call last):
  File "ipv4_parser_stv.py", line 220, in <module>
  File "pyparsing\core.py", line 1340, in parse_string
pyparsing.exceptions.ParseException: Expected '.', found '\x01'  (at char 1), (line:1, col:2)


================================================================================
Timestamp : 2026-03-20 08:07:18.932494+00:00
Bug Type  : invalidity
Exception: InvalidityBug: One of the octets are empty

Traceback:
Traceback (most recent call last):
  File "ipv4_parser_stv.py", line 220, in <module>
  File "pyparsing\core.py", line 1328, in parse_string
  File "pyparsing\core.py", line 950, in _parseNoCache
  File "pyparsing\core.py", line 5155, in parseImpl
  File "pyparsing\core.py", line 950, in _parseNoCache
  File "pyparsing\core.py", line 4612, in parseImpl
  File "pyparsing\core.py", line 989, in _parseNoCache
  File "pyparsing\core.py", line 284, in wrapper
  File "buggy_ipyparse\ipv4_stv.py", line 80, in convert_octet
buggy_ipyparse.ipv4_stv.InvalidityBug: One of the octets are empty


================================================================================
Timestamp : 2026-03-20 08:07:35.127433+00:00
Bug Type  : invalidity
Exception: ParseException: Expected '.', found '\'  (at char 1), (line:1, col:2)

Traceback:
Traceback (most recent call last):
  File "ipv4_parser_stv.py", line 220, in <module>
  File "pyparsing\core.py", line 1340, in parse_string
pyparsing.exceptions.ParseException: Expected '.', found '\'  (at char 1), (line:1, col:2)


================================================================================
Timestamp : 2026-03-20 08:07:53.757111+00:00
Bug Type  : invalidity
Exception: InvalidityBug: One of the octets are empty

Traceback:
Traceback (most recent call last):
  File "ipv4_parser_stv.py", line 220, in <module>
  File "pyparsing\core.py", line 1328, in parse_string
  File "pyparsing\core.py", line 950, in _parseNoCache
  File "pyparsing\core.py", line 5155, in parseImpl
  File "pyparsing\core.py", line 950, in _parseNoCache
  File "pyparsing\core.py", line 4612, in parseImpl
  File "pyparsing\core.py", line 989, in _parseNoCache
  File "pyparsing\core.py", line 284, in wrapper
  File "buggy_ipyparse\ipv4_stv.py", line 80, in convert_octet
buggy_ipyparse.ipv4_stv.InvalidityBug: One of the octets are empty


================================================================================
Timestamp : 2026-03-20 08:08:10.728706+00:00
Bug Type  : invalidity
Exception: ParseException: Expected '.', found '\'  (at char 5), (line:1, col:6)

Traceback:
Traceback (most recent call last):
  File "ipv4_parser_stv.py", line 220, in <module>
  File "pyparsing\core.py", line 1340, in parse_string
pyparsing.exceptions.ParseException: Expected '.', found '\'  (at char 5), (line:1, col:6)


================================================================================
Timestamp : 2026-03-20 08:08:28.315763+00:00
Bug Type  : invalidity
Exception: ParseException: Expected '.', found ':'  (at char 2), (line:1, col:3)

Traceback:
Traceback (most recent call last):
  File "ipv4_parser_stv.py", line 220, in <module>
  File "pyparsing\core.py", line 1340, in parse_string
pyparsing.exceptions.ParseException: Expected '.', found ':'  (at char 2), (line:1, col:3)


================================================================================
Timestamp : 2026-03-20 08:08:50.173273+00:00
Bug Type  : invalidity
Exception: ParseException: Expected '.', found '\'  (at char 3), (line:1, col:4)

Traceback:
Traceback (most recent call last):
  File "ipv4_parser_stv.py", line 220, in <module>
  File "pyparsing\core.py", line 1340, in parse_string
pyparsing.exceptions.ParseException: Expected '.', found '\'  (at char 3), (line:1, col:4)


================================================================================
Timestamp : 2026-03-20 08:09:07.591909+00:00
Bug Type  : invalidity
Exception: InvalidityBug: One of the octets are empty

Traceback:
Traceback (most recent call last):
  File "ipv4_parser_stv.py", line 220, in <module>
  File "pyparsing\core.py", line 1328, in parse_string
  File "pyparsing\core.py", line 950, in _parseNoCache
  File "pyparsing\core.py", line 5155, in parseImpl
  File "pyparsing\core.py", line 950, in _parseNoCache
  File "pyparsing\core.py", line 4612, in parseImpl
  File "pyparsing\core.py", line 989, in _parseNoCache
  File "pyparsing\core.py", line 284, in wrapper
  File "buggy_ipyparse\ipv4_stv.py", line 80, in convert_octet
buggy_ipyparse.ipv4_stv.InvalidityBug: One of the octets are empty


================================================================================
Timestamp : 2026-03-20 08:09:25.838346+00:00
Bug Type  : invalidity
Exception: ParseException: Expected '.', found '~'  (at char 1), (line:1, col:2)

Traceback:
Traceback (most recent call last):
  File "ipv4_parser_stv.py", line 220, in <module>
  File "pyparsing\core.py", line 1340, in parse_string
pyparsing.exceptions.ParseException: Expected '.', found '~'  (at char 1), (line:1, col:2)


================================================================================
Timestamp : 2026-03-20 08:09:41.254570+00:00
Bug Type  : invalidity
Exception: ParseException: Expected '.', found '\'  (at char 2), (line:1, col:3)

Traceback:
Traceback (most recent call last):
  File "ipv4_parser_stv.py", line 220, in <module>
  File "pyparsing\core.py", line 1340, in parse_string
pyparsing.exceptions.ParseException: Expected '.', found '\'  (at char 2), (line:1, col:3)


================================================================================
Timestamp : 2026-03-20 08:09:56.039497+00:00
Bug Type  : invalidity
Exception: ParseException: Expected '.', found '\x14'  (at char 1), (line:1, col:2)

Traceback:
Traceback (most recent call last):
  File "ipv4_parser_stv.py", line 220, in <module>
  File "pyparsing\core.py", line 1340, in parse_string
pyparsing.exceptions.ParseException: Expected '.', found '\x14'  (at char 1), (line:1, col:2)


================================================================================
Timestamp : 2026-03-20 08:10:26.495428+00:00
Bug Type  : invalidity
Exception: InvalidityBug: One of the octets are empty

Traceback:
Traceback (most recent call last):
  File "ipv4_parser_stv.py", line 220, in <module>
  File "pyparsing\core.py", line 1328, in parse_string
  File "pyparsing\core.py", line 950, in _parseNoCache
  File "pyparsing\core.py", line 5155, in parseImpl
  File "pyparsing\core.py", line 950, in _parseNoCache
  File "pyparsing\core.py", line 4612, in parseImpl
  File "pyparsing\core.py", line 989, in _parseNoCache
  File "pyparsing\core.py", line 284, in wrapper
  File "buggy_ipyparse\ipv4_stv.py", line 80, in convert_octet
buggy_ipyparse.ipv4_stv.InvalidityBug: One of the octets are empty


================================================================================
Timestamp : 2026-03-20 08:10:43.130510+00:00
Bug Type  : validity
Exception: ParseException: Expected '.', found '55254'  (at char 2), (line:1, col:3)

Traceback:
Traceback (most recent call last):
  File "ipv4_parser_stv.py", line 220, in <module>
  File "pyparsing\core.py", line 1340, in parse_string
pyparsing.exceptions.ParseException: Expected '.', found '55254'  (at char 2), (line:1, col:3)


================================================================================
Timestamp : 2026-03-20 08:10:59.759948+00:00
Bug Type  : invalidity
Exception: InvalidityBug: One of the octets are empty

Traceback:
Traceback (most recent call last):
  File "ipv4_parser_stv.py", line 220, in <module>
  File "pyparsing\core.py", line 1328, in parse_string
  File "pyparsing\core.py", line 950, in _parseNoCache
  File "pyparsing\core.py", line 5155, in parseImpl
  File "pyparsing\core.py", line 950, in _parseNoCache
  File "pyparsing\core.py", line 4612, in parseImpl
  File "pyparsing\core.py", line 989, in _parseNoCache
  File "pyparsing\core.py", line 284, in wrapper
  File "buggy_ipyparse\ipv4_stv.py", line 80, in convert_octet
buggy_ipyparse.ipv4_stv.InvalidityBug: One of the octets are empty


================================================================================
Timestamp : 2026-03-20 08:11:14.677558+00:00
Bug Type  : validity
Exception: ParseException: Expected '.', found '5'  (at char 2), (line:1, col:3)

Traceback:
Traceback (most recent call last):
  File "ipv4_parser_stv.py", line 220, in <module>
  File "pyparsing\core.py", line 1340, in parse_string
pyparsing.exceptions.ParseException: Expected '.', found '5'  (at char 2), (line:1, col:3)


